// Jest Snapshot v1, https://goo.gl/fbAQLP

exports[`should match snapshot: NavigationTitleText 1`] = `
.c0 {
  color: #333;
  font-size: 18px;
  font-weight: bold;
}

<NavigationTitleText>
  <styled.p>
    <p
      className="c0"
    >
      タイトル
    </p>
  </styled.p>
</NavigationTitleText>
`;
