// Jest Snapshot v1, https://goo.gl/fbAQLP

exports[`should match snapshot: NavigationTitleText 1`] = `
<styled.p>
  タイトル
</styled.p>
`;
