// Jest Snapshot v1, https://goo.gl/fbAQLP

exports[`should match snapshot: Hello 1`] = `
<main>
  <section>
    <h1>
      Hello
    </h1>
    <Link
      replace={false}
      to="/"
    >
      HOME
    </Link>
  </section>
</main>
`;
