// Jest Snapshot v1, https://goo.gl/fbAQLP

exports[`should match snapshot: Modal 1`] = `
.c2 {
  background-color: #f5f5f5;
  border-radius: 4px;
  padding: 10px;
  text-align: center;
}

.c3 {
  margin-bottom: 5px;
  margin-top: 5px;
}

.c4 {
  font-size: 18px;
  font-weight: bold;
}

.c5 {
  margin-bottom: 5px;
  margin-top: 5px;
}

.c6 {
  font-size: 16px;
}

.c7 {
  margin-bottom: 5px;
  margin-top: 5px;
}

.c8 {
  background-color: #333;
  border-radius: 4px;
  color: #f5f5f5;
  font-size: 16px;
  height: 44px;
  width: 150px;
}

.c0 {
  background-color: #0009;
  border: none;
  height: 100%;
  left: 0;
  margin: 0;
  position: fixed;
  top: 0;
  width: 100%;
}

.c1 {
  margin-top: 70%;
  margin-left: 15px;
  margin-right: 15px;
}

<Modal
  buttonLabel="OK"
  onClick={[Function]}
  title="タイトル"
>
  <styled.div>
    <div
      className="c0"
    >
      <styled.div>
        <div
          className="c1"
        >
          <SmallDialog
            buttonLabel="OK"
            onClick={[Function]}
            title="タイトル"
          >
            <styled.div>
              <div
                className="c2"
              >
                <styled.div>
                  <div
                    className="c3"
                  >
                    <styled.p>
                      <p
                        className="c4"
                      >
                        タイトル
                      </p>
                    </styled.p>
                  </div>
                </styled.div>
                <styled.div>
                  <div
                    className="c5"
                  >
                    <styled.p>
                      <p
                        className="c6"
                      >
                        コンテンツ
                      </p>
                    </styled.p>
                  </div>
                </styled.div>
                <styled.div>
                  <div
                    className="c7"
                  >
                    <styled.button
                      onClick={[Function]}
                    >
                      <button
                        className="c8"
                        onClick={[Function]}
                      >
                        OK
                      </button>
                    </styled.button>
                  </div>
                </styled.div>
              </div>
            </styled.div>
          </SmallDialog>
        </div>
      </styled.div>
    </div>
  </styled.div>
</Modal>
`;
