// Jest Snapshot v1, https://goo.gl/fbAQLP

exports[`should match snapshot: NotFound 1`] = `
<NotFound>
  <h2>
    NotFound
  </h2>
</NotFound>
`;
