// Jest Snapshot v1, https://goo.gl/fbAQLP

exports[`should match snapshot: BasicText 1`] = `
.c0 {
  color: #333;
  font-size: 16px;
}

<BasicText>
  <styled.p>
    <p
      className="c0"
    >
      テキスト
    </p>
  </styled.p>
</BasicText>
`;
