// Jest Snapshot v1, https://goo.gl/fbAQLP

exports[`should match snapshot: NavigationBarLink 1`] = `
<styled.button
  onClick={[Function]}
>
  &lt;
</styled.button>
`;

exports[`should match snapshot: NavigationBarLink/Link 1`] = `
.c0 {
  background-color: transparent;
  border: none;
  cursor: pointer;
  outline: none;
  padding: 0;
  font-size: 30px;
  color: #e70000;
}

.c0:active {
  opacity: 0.5;
}

<button
  className="c0"
>
  &lt;
</button>
`;
