// Jest Snapshot v1, https://goo.gl/fbAQLP

exports[`should match snapshot: Link 1`] = `
.c0 {
  color: #666;
  font-size: 16px;
  -webkit-text-decoration: underline;
  text-decoration: underline;
}

<Link
  onClick={[Function]}
>
  <styled.button
    onClick={[Function]}
  >
    <button
      className="c0"
      onClick={[Function]}
    >
      リンク
    </button>
  </styled.button>
</Link>
`;
